SQL> SET PAGES 100
SQL> SET LINES 100
SQL> SELECT *
  2  FROM TAB;

TNAME                          TABTYPE  CLUSTERID                                                   
------------------------------ ------- ----------                                                   
DEPT                           TABLE                                                                
EMP                            TABLE                                                                
BONUS                          TABLE                                                                
SALGRADE                       TABLE                                                                
PENTAGON                       TABLE                                                                
CUSTOMER                       TABLE                                                                
PRODUCT                        TABLE                                                                
FACULTY                        TABLE                                                                

8 rows selected.

SQL> REDUNDANCY, ANAMOLY, NORMALISATIONSPOOL OFF;
SP2-0734: unknown command beginning "REDUNDANCY..." - rest of line ignored.
SQL> \SPOOL OFF;
SP2-0042: unknown command "\SPOOL OFF" - rest of line ignored.
SQL> SPOOL OFF;
